apps/notepad.c:169:12:get_text_x	8	static
apps/notepad.c:173:12:get_text_w	8	static
apps/notepad.c:177:12:get_max_cols	8	static
apps/notepad.c:181:12:get_max_rows	24	static
apps/notepad.c:192:13:np_rect	24	static
apps/notepad.c:201:13:np_text	44	static
apps/notepad.c:219:13:np_char_transparent	48	static
apps/notepad.c:235:16:theme_text_bg	8	static
apps/notepad.c:240:16:theme_text_fg	8	static
apps/notepad.c:245:16:theme_toolbar	8	static
apps/notepad.c:249:16:theme_status_bg	8	static
apps/notepad.c:253:16:theme_status_fg	8	static
apps/notepad.c:257:16:theme_btn_bg	8	static
apps/notepad.c:261:16:theme_btn_fg	8	static
apps/notepad.c:265:16:theme_cursor	8	static
apps/notepad.c:269:16:theme_gutter_bg	8	static
apps/notepad.c:273:16:theme_gutter_fg	8	static
apps/notepad.c:277:16:theme_highlight	8	static
apps/notepad.c:283:13:cursor_to_linecol	24	static
apps/notepad.c:294:12:linecol_to_pos	24	static
apps/notepad.c:311:12:real_line_at	24	static
apps/notepad.c:318:12:count_words	24	static
apps/notepad.c:330:12:count_lines_real	24	static
apps/notepad.c:339:13:int_to_str	40	static
apps/notepad.c:353:13:np_new_file	8	static
apps/notepad.c:364:13:np_open_file	48	static
apps/notepad.c:386:13:np_save_file	48	static
apps/notepad.c:403:13:insert_char	28	static
apps/notepad.c:414:13:delete_char_back	24	static
apps/notepad.c:424:13:ensure_cursor_visible	40	static
apps/notepad.c:435:13:str_match_at	24	static
apps/notepad.c:449:13:find_next	28	static
apps/notepad.c:463:13:replace_current	24	static
apps/notepad.c:492:13:np_on_event	176	static
apps/notepad.c:737:6:notepad_create	64	static
apps/notepad.c:748:6:notepad_is_alive	48	static
apps/notepad.c:754:6:notepad_render	416	static
